@addresses_from "00050000-10101D00" // US v1.3.0 (v64)

// C
    vsnprintf = 0x02AFB954;
    snprintf = 0x02AFB9B4;
    sscanf = 0x02AFCD14;
    qsort = 0x02AFD2A4;
    fmodf = 0x02AFD97C;
    floorf = 0x02AFDA5C;
    ceilf = 0x02AFDAF8;
    sqrtf = 0x02AFDCCC;
    sinf = 0x02AFDD40;
    powf = 0x02AFDEA8;
    logf = 0x02AFE104;
    cosf = 0x02AFE528;
    atan2f = 0x02AFE670;
    asinf = 0x02AFE868;
    acosf = 0x02AFE8F4;

// C++
    _Znwm = 0x029F1594;
    _Znam = 0x029F1630;
    _ZdlPv = 0x029F1748;
    _ZdaPv = 0x029F17D0;
    _ZnwmPN4sead4HeapEi = 0x029F1858;
    _ZnamPN4sead4HeapEi = 0x029F18DC;

// Cafe
    ASM_VECCrossProduct = 0x02AF9660;
    ASM_VECMag = 0x02AF96C4;
    ASM_MTXConcat = 0x02AF98A0;
    ASM_MTXTrans = 0x02AF9AD4;
    ASM_MTXScale = 0x02AF9B64;

// GFD
    _GFDCheckHeaderVersions = 0x02AF8A18;
    _GFDCheckBlockHeaderMagicVersions = 0x02AF8ABC;
    GFDGetVertexShaderCount = 0x02AF8C04;
    GFDGetPixelShaderCount = 0x02AF8C10;
    GFDGetVertexShaderHeaderSize = 0x02AF8D00;
    GFDGetPixelShaderHeaderSize = 0x02AF8D10;
    GFDGetVertexShaderProgramSize = 0x02AF8D30;
    GFDGetPixelShaderProgramSize = 0x02AF8D40;
    _GFDRelocateBlock = 0x02AF8E04;
    GFDGetVertexShader = 0x02AF8E3C;
    GFDGetPixelShader = 0x02AF8FC0;

// GHS
    __pure_virtual_called = 0x02AFA554;
    __deleted_virtual_called = 0x02AFA5E8;

// sead::BufferedSafeStringBase<char>
    _ZN4sead22BufferedSafeStringBaseIcE7formatVEPKcP13__va_list_tag = 0x02A0F1CC;
    _ZN4sead22BufferedSafeStringBaseIcE6formatEPKcz = 0x02A0F1E4;

// sead::CafeDRCController
    _ZN4sead17CafeDRCController9sTypeInfoE = 0x101EAE84;

// sead::CafeRemoteController
    _ZN4sead20CafeRemoteController9sTypeInfoE = 0x101EAE80;

// sead::CafeVPadDevice::VPadInfo
    _ZN4sead14CafeVPadDevice8VPadInfoC1Ev = 0x029F4EDC;

// sead::Camera
    _ZNK4sead6Camera15projectByMatrixEPNS_7Vector2IfEERKNS_7Vector3IfEERKNS_10ProjectionERKNS_8ViewportE = 0x02A04A34;

// sead::Color4f
    _ZN4sead7Color4f6cBlackE = 0x105EA080;
    _ZN4sead7Color4f5cGrayE = 0x105EA090;
    _ZN4sead7Color4f6cWhiteE = 0x105EA0A0;
    _ZN4sead7Color4f4cRedE = 0x105EA0B0;
    _ZN4sead7Color4f6cGreenE = 0x105EA0C0;
    _ZN4sead7Color4f5cBlueE = 0x105EA0D0;
    _ZN4sead7Color4f7cYellowE = 0x105EA0E0;
    _ZN4sead7Color4f8cMagentaE = 0x105EA0F0;
    _ZN4sead7Color4f5cCyanE = 0x105EA100;

// sead::ControllerMgr
    _ZN4sead13ControllerMgr9sInstanceE = 0x101E7EFC;

// sead::CriticalSection
    _ZN4sead15CriticalSection4lockEv = 0x02A18F20;
    _ZN4sead15CriticalSection6unlockEv = 0x02A18F54;

// sead::DualScreenMethodTreeMgr
    _ZN4sead23DualScreenMethodTreeMgr4calcEv = 0x029FD93C;

// sead::ExpHeap
    _ZN4sead7ExpHeap9tryCreateEjRKNS_14SafeStringBaseIcEEPNS_4HeapENS5_13HeapDirectionEb = 0x02A0A7AC;

// sead::FileDeviceMgr
    _ZN4sead13FileDeviceMgr7tryLoadERNS_10FileDevice7LoadArgE = 0x029F8BBC;
    _ZN4sead13FileDeviceMgr9sInstanceE = 0x101E7F18;

// sead::FrameBuffer
    _ZNK4sead11FrameBuffer4bindEv = 0x02A058F0;

// sead::GlobalRandom
    _ZN4sead12GlobalRandom9sInstanceE = 0x101E806C;

// sead::Graphics
    _ZN4sead8Graphics15lockDrawContextEv = 0x02A07A54;
    _ZN4sead8Graphics17unlockDrawContextEv = 0x02A07AF8;
    _ZN4sead8Graphics9sInstanceE = 0x101E8000;

// sead::GraphicsContext
    _ZN4sead15GraphicsContextC1Ev = 0x02A07BBC;
    _ZNK4sead15GraphicsContext5applyEv = 0x02A07CB0;

// sead::HeapMgr
    _ZNK4sead7HeapMgr15findContainHeapEPKv = 0x02A0D45C;
    _ZNK4sead7HeapMgr14getCurrentHeapEv = 0x02A0D554;
    _ZN4sead7HeapMgr15setCurrentHeap_EPNS_4HeapE = 0x02A0D584;
    _ZN4sead7HeapMgr12sInstancePtrE = 0x101E8040;
    _ZN4sead7HeapMgr10sRootHeapsE = 0x105EA148;
    _ZN4sead7HeapMgr15sHeapTreeLockCSE = 0x105EA164;
    _ZN4sead7HeapMgr17sIndependentHeapsE = 0x105EA1A0;

// sead::IDisposer
    _ZN4sead9IDisposerC2Ev = 0x02A0A2FC;
    _ZN4sead9IDisposerD1Ev = 0x02A0A384;

// sead::ListImpl
    _ZN4sead8ListImpl4sortEiPFiPKvS2_E = 0x029F1BC4;

// sead::ListNode
    _ZN4sead8ListNode12insertFront_EPS0_ = 0x029F1A50;
    _ZN4sead8ListNode6erase_Ev = 0x029F1A70;

// sead::MathCalcCommon<f32>
    _ZN4sead14MathCalcCommonIfE8atanIdx_Ef = 0x02A0E124;
    _ZN4sead14MathCalcCommonIfE10cSinCosTblE = 0x10191538;

// sead::MethodTreeNode
    _ZN4sead14MethodTreeNode5lock_Ev = 0x029FF410;
    _ZN4sead14MethodTreeNode7unlock_Ev = 0x029FF420;

// sead::Matrix34<f32>
    _ZN4sead8Matrix34IfE5identE = 0x105EA258;

// sead::PrimitiveRenderer
    _ZN4sead17PrimitiveRenderer9setCameraERKNS_6CameraE = 0x02A083D0;
    _ZN4sead17PrimitiveRenderer13setProjectionERKNS_10ProjectionE = 0x02A083E4;
    _ZN4sead17PrimitiveRenderer14setModelMatrixERKNS_8Matrix34IfEE = 0x02A083F8;
    _ZN4sead17PrimitiveRenderer5beginEv = 0x02A08408;
    _ZN4sead17PrimitiveRenderer3endEv = 0x02A0841C;
    _ZN4sead17PrimitiveRenderer9sInstanceE = 0x101E8010;

// sead::PrimitiveRenderer::QuadArg
    _ZN4sead17PrimitiveRenderer7QuadArg8setColorERKNS_7Color4fES4_ = 0x02A08628;

// sead::PrimitiveRendererCafe
    _ZN4sead21PrimitiveRendererCafe14drawTriangles_ERKNS_8Matrix34IfEERKNS_7Color4fES7_PNS_21PrimitiveRendererUtil6VertexEjPtjPK11_GX2Texture = 0x02A0A190;

// sead::PtrArrayImpl
    _ZN4sead12PtrArrayImpl9setBufferEiPv = 0x029F1E88;

// sead::Quat<f32>
    _ZN4sead4QuatIfE4unitE = 0x105EA598;

// sead::Random
    _ZN4sead6Random6getU32Ev = 0x02A13780;

// sead::SafeStringBase<char>
    _ZN4sead14SafeStringBaseIcE9cNullCharE = 0x10000044;

// sead::TaskBase
    _ZNK4sead8TaskBase12getFrameworkEv = 0x029FFA64;

// sead::TaskMgr
    _ZN4sead7TaskMgr9afterCalcEv = 0x02A0183C;

// sead::Thread
    _ZN4sead6Thread5sleepENS_8TickSpanE = 0x02A19A50;

// sead::TickSpan
    _ZN4sead8TickSpan10cFrequencyE = 0x105EAFB8;

// sead::Vector3<f32>
    _ZN4sead7Vector3IfE4zeroE = 0x105EA760;
    _ZN4sead7Vector3IfE4onesE = 0x105EA790;

// sead::Vector4<f32>
    _ZN4sead7Vector4IfE4zeroE = 0x105EA79C;

// sead::Viewport
    _ZN4sead8ViewportC1Effff = 0x02A072FC;
    _ZN4sead8ViewportC1ERKNS_18LogicalFrameBufferE = 0x02A074C8;
    _ZNK4sead8Viewport19getOnFrameBufferPosEPNS_7Vector2IfEERKNS_18LogicalFrameBufferE = 0x02A07570;
    _ZNK4sead8Viewport20getOnFrameBufferSizeEPNS_7Vector2IfEERKNS_18LogicalFrameBufferE = 0x02A077B0;
    _ZNK4sead8Viewport5applyERKNS_18LogicalFrameBufferE = 0x02A0783C;

// agl::lyr::Renderer
    _ZNK3agl3lyr8Renderer14isDisplayList_Ev = 0x02A3AA94;
    _ZN3agl3lyr8Renderer9sInstanceE = 0x101E8A2C;

// Actor
    _ZN5Actor20removeCollisionCheckEv = 0x020002CC;
    _ZN5Actor20reviveCollisionCheckEv = 0x02000328;
    _ZN5Actor11incComboCntEv = 0x0200042C;
    _ZN5Actor12slideComboSEEib = 0x02000454;
    _ZN5Actor16searchNearPlayerERN4sead7Vector2IfEE = 0x020005A4;
    _ZN5Actor14getPlayerDirLRERKN4sead7Vector3IfEE = 0x020005EC;
    _ZN5Actor14getPlayerDirUDERKN4sead7Vector3IfEE = 0x020006B4;
    _ZN5Actor11deleteActorEb = 0x02000774;
    _ZN5Actor14screenOutCheckEt = 0x020007A0;
    _ZN5Actor21yoganWaveSplashEffectERKN4sead7Vector3IfEE = 0x02000960;
    _ZNK5Actor13getEffectZPosEv = 0x02000970;
    _ZN5ActorC2ERK16ActorCreateParam = 0x02000AC8;
    _ZN5ActorD1Ev = 0x02000F18;
    _ZN5Actor10postCreateEN9ActorBase9MainStateE = 0x02000FB8;
    _ZN5Actor10preExecuteEv = 0x02000FE8;
    _ZN5Actor11postExecuteEN9ActorBase9MainStateE = 0x020010BC;
    _ZN5Actor7preDrawEv = 0x020011A0;
    _ZN5Actor14drawCullCheck_Ev = 0x02001254;
    _ZN5Actor13splashEffect_ERKN4sead7Vector3IfEEihPKc = 0x02001304;
    _ZN5Actor19allEnemyDeathEffSetEv = 0x02002AD8;
    _ZN5Actor17waterSplashEffectERKN4sead7Vector3IfEE = 0x02002ADC;
    _ZN5Actor17yoganSplashEffectERKN4sead7Vector3IfEE = 0x02002AE0;
    _ZN5Actor18poisonSplashEffectERKN4sead7Vector3IfEE = 0x02002AE4;
    _ZN5Actor9sTypeInfoE = 0x101E9CC0;

// ActorBase
    _ZNK9ActorBase12getProfileIDEv = 0x02002C80;
    _ZN9ActorBaseC2ERK16ActorCreateParam = 0x02002CE0;
    _ZN9ActorBaseD1Ev = 0x02002E68;
    _ZN9ActorBase10postCreateENS_9MainStateE = 0x02002F00;
    _ZN9ActorBase10preExecuteEv = 0x02002F04;
    _ZN9ActorBase11postExecuteENS_9MainStateE = 0x02002F34;
    _ZN9ActorBase8postDrawENS_9MainStateE = 0x02002F38;
    _ZN9ActorBase10postDeleteENS_9MainStateE = 0x02002F3C;
    _ZN9ActorBase9preCreateEv = 0x02002F7C;
    _ZN9ActorBase6createEv = 0x02002F84;
    _ZN9ActorBase7executeEv = 0x02002F8C;
    _ZN9ActorBase11finalUpdateEv = 0x02002F94;
    _ZN9ActorBase7preDrawEv = 0x02002F98;
    _ZN9ActorBase4drawEv = 0x02002FA0;
    _ZN9ActorBase9preDeleteEv = 0x02002FA8;
    _ZN9ActorBase8doDeleteEv = 0x02002FB0;
    _ZN9ActorBase9sTypeInfoE = 0x101E9CC8;

// ActorBgCollisionCheck
    _ZN21ActorBgCollisionCheckD1Ev = 0x0218ADFC;
    _ZN21ActorBgCollisionCheck3setEP5ActorPKNS_6SensorES4_S4_ = 0x0218AF6C;
    _ZNK21ActorBgCollisionCheck9getSensorEh = 0x0218CE74;

// ActorBgCollisionMgr
    _ZN19ActorBgCollisionMgr9sInstanceE = 0x101C9360;

// ActorCircleBgCollision
    _ZN22ActorCircleBgCollision9sTypeInfoE = 0x101EA398;

// ActorCollision
    _ZN14ActorCollisionC2ERK16ActorCreateParam = 0x02002FB8;
    _ZN14ActorCollision10postCreateEN9ActorBase9MainStateE = 0x0200354C;
    _ZN14ActorCollision10preExecuteEv = 0x020035FC;
    _ZN14ActorCollision11postExecuteEN9ActorBase9MainStateE = 0x020036D8;
    _ZN14ActorCollision8doDeleteEv = 0x02003724;
    _ZN14ActorCollision5vf144Ei = 0x0200375C;
    _ZN14ActorCollision15setSmokeDamage_EP5Actor = 0x02003760;
    _ZNK14ActorCollision12bgCheckFoot_Ev = 0x02003764;
    _ZNK14ActorCollision12bgCheckWall_Ev = 0x02003770;
    _ZN14ActorCollision8bgCheck_Ev = 0x020037F4;
    _ZN14ActorCollision11calcSpeedY_Ev = 0x020039AC;
    _ZN14ActorCollision8posMove_Ev = 0x02003AE4;
    _ZN14ActorCollision15calcJumpSpeedF_Ev = 0x02003C10;
    _ZN14ActorCollision5vf13CEv = 0x02004008;
    _ZTV14ActorCollision = 0x1000084C;
    _ZN14ActorCollision9sTypeInfoE = 0x101E9CD8;

// ActorCollisionCheck
    _ZN19ActorCollisionCheckC1Ev = 0x0219A960;
    _ZN19ActorCollisionCheckD1Ev = 0x0219AB90;
    _ZN19ActorCollisionCheck3setEP5ActorRKNS_13CollisionDataEP30ActorCollisionDrcTouchCallback = 0x0219AF1C;
    _ZNK19ActorCollisionCheck9getTopPosEv = 0x0219B434;
    _ZNK19ActorCollisionCheck11getUnderPosEv = 0x0219B450;
    _ZNK19ActorCollisionCheck13getCenterPosYEv = 0x0219B46C;
    _ZNK19ActorCollisionCheck11getRightPosEv = 0x0219B480;
    _ZNK19ActorCollisionCheck10getLeftPosEv = 0x0219B49C;
    _ZNK19ActorCollisionCheck13getCenterPosXEv = 0x0219B4B8;
    _ZN19ActorCollisionCheck13CollisionData8cDefaultE = 0x10041BC0;

// ActorCollisionCheckMgr
    _ZN22ActorCollisionCheckMgr9sInstanceE = 0x101C95D8;

// ActorCreateInfo
    _ZN15ActorCreateInfo8cDefaultE = 0x100018F4;

// ActorEllipseBgCollision
    _ZN23ActorEllipseBgCollision9sTypeInfoE = 0x101EA3A0;

// ActorMgr
    _ZN8ActorMgr9sInstanceE = 0x101C30C8;

// ActorMultiState
    _ZN15ActorMultiStateC2ERK16ActorCreateParam = 0x0200AA8C;
    _ZN11StateMethod17changeStateMethodERK7StateID = 0x0200B090;
    _ZN15ActorMultiState9sTypeInfoE = 0x101E9CE8;

// ActorPtrCache
    _ZNK13ActorPtrCache11getActorPtrE13ActorUniqueID = 0x0200A5C8;

// ActorState
    _ZN10ActorStateC2ERK16ActorCreateParam = 0x0200A9C0;
    _ZN10ActorState9sTypeInfoE = 0x101E9CE0;

// Angle
    _ZN5Angle9chaseRestERKS_S1_ = 0x029E117C;

// AnimModel
    _ZN9AnimModelC1EP5Modeliiiii = 0x024D4798;
    _ZN9AnimModel4initEP13ModelResourcePKN4sead8PtrArrayIS0_EEPNS2_4HeapE = 0x024D49A0;
    _ZN9AnimModel16playAnmFrameCtrlEv = 0x024D4D20;
    _ZN9AnimModel7calcMdlEv = 0x024D4E84;

// AreaTask
    _ZN8AreaTask11drawLayer3DERKN3agl3lyr10RenderInfoE = 0x024B84A8;
    _ZN8AreaTask9sInstanceE = 0x101D1598;

// BasicRideLineBgCollision
    _ZN24BasicRideLineBgCollision9sTypeInfoE = 0x101E9FA8;

// BgScrollMgr
    _ZN11BgScrollMgr9sInstanceE = 0x101E7C54;

// CourseSelectActor
    _ZN17CourseSelectActor9sTypeInfoE = 0x101EA3C8;

// CourseSelectCollisionCheckMgr
    _ZN29CourseSelectCollisionCheckMgr9sInstanceE = 0x101C9758;

// CourseSelectMap
    _ZN15CourseSelectMap15getBoneWorldPosEPN4sead7Vector3IfEEiiRKNS0_14SafeStringBaseIcEE = 0x021F59A8;
    _ZN15CourseSelectMap9sInstanceE = 0x101CBD38;

// CourseSelectTask
    _ZN16CourseSelectTask9sInstanceE = 0x101CC96C;

// CourseTimer
    _ZN11CourseTimer19addTimeLimitSecondsEj = 0x024C14C0;
    _ZN11CourseTimer9sInstanceE = 0x101D15F4;

// EffectCreateUtil
    _ZN16EffectCreateUtil12createEffectEiPKN4sead7Vector3IfEEPK6Angle3S4_ = 0x022AB080;

// EffectObj
    _ZN9EffectObj12createEffectEiPKN4sead7Vector3IfEEPK6Angle3S4_ = 0x022AB52C;
    _ZN9EffectObj9sTypeInfoE = __deleted_virtual_called;

// EffectObjBase
    _ZN13EffectObjBaseC2Ev = 0x022AB868;
    _ZN13EffectObjBase7cleanupEv = 0x022AB7DC;
    _ZN13EffectObjBase9sTypeInfoE = __deleted_virtual_called;

// Enemy
    _ZN5EnemyC2ERK16ActorCreateParam = 0x02328494;
    _ZN5Enemy10preExecuteEv = 0x02328644;
    _ZN5Enemy15hitdamageEffectERKN4sead7Vector3IfEE = 0x023288BC;
    _ZN5Enemy13blockHitInit_Ev = 0x02328914;
    _ZN5Enemy9setDamageEP19ActorCollisionCheckS1_ = 0x02328B84;
    _ZN5Enemy16normal_collcheckEP19ActorCollisionCheckS1_ = 0x02328C50;
    _ZN5Enemy14checkComboClapEi = 0x0232910C;
    _ZN5Enemy18calcComboPlFumiCntEP5Actor = 0x02329130;
    _ZN5Enemy5boundEfff = 0x02329168;
    _ZN5Enemy16enemyDamageCheckEP19ActorCollisionCheckS1_ = 0x023291F8;
    _ZN5Enemy17playerDamageCheckEP19ActorCollisionCheckS1_ = 0x02329250;
    _ZN5Enemy19enemyPreDamageCheckEPbP19ActorCollisionCheckS2_ = 0x02329520;
    _ZN5Enemy11hitYoshiEatEP19ActorCollisionCheckS1_ = 0x02329578;
    _ZN5Enemy16yoshiDamageCheckEP19ActorCollisionCheckS1_ = 0x0232957C;
    _ZN5Enemy21chibiYoshiDamageCheckEP19ActorCollisionCheckS1_ = 0x023296E8;
    _ZN5Enemy14etcDamageCheckEP19ActorCollisionCheckS1_ = 0x02329800;
    _ZN5Enemy22vsEnemyHitCheck_NormalEP19ActorCollisionCheckS1_ = 0x023299F0;
    _ZN5Enemy23vsPlayerHitCheck_NormalEP19ActorCollisionCheckS1_ = 0x023299F4;
    _ZN5Enemy22vsYoshiHitCheck_NormalEP19ActorCollisionCheckS1_ = 0x02329A04;
    _ZN5Enemy27vsChibiYoshiHitCheck_NormalEP19ActorCollisionCheckS1_ = 0x02329A08;
    _ZN5Enemy14iceballInvalidEP19ActorCollisionCheck = 0x02329A0C;
    _ZN5Enemy14spinfumiEffectEP5Actor = 0x02329B20;
    _ZN5Enemy9fumiCheckEP19ActorCollisionCheckS1_NS_10FumiSeTypeE = 0x02329B88;
    _ZN5Enemy11fumiJumpSetEP5Actor = 0x02329EA4;
    _ZN5Enemy12fumiScoreSetEP5Actor = 0x02329FA8;
    _ZN5Enemy16yoshiFumiJumpSetEP5Actor = 0x02329FAC;
    _ZN5Enemy17yoshiFumiScoreSetEP5Actor = 0x02329FB0;
    _ZN5Enemy15mameFumiJumpSetEP5Actor = 0x02329FC0;
    _ZN5Enemy6fumiSEEP5Actor = 0x0232A094;
    _ZN5Enemy10fumiEffectEP5Actor = 0x0232A118;
    _ZN5Enemy10spinfumiSEEP5Actor = 0x0232A1BC;
    _ZN5Enemy10mamefumiSEEv = 0x0232A240;
    _ZN5Enemy14mamefumiEffectEP5Actor = 0x0232A24C;
    _ZN5Enemy11yoshifumiSEEP5Actor = 0x0232A250;
    _ZN5Enemy12hipatkEffectERKN4sead7Vector3IfEE = 0x0232A2D4;
    _ZN5Enemy5vf34CEv = 0x0232A2E4;
    _ZN5Enemy11checkDispInEv = 0x0232A2FC;
    _ZN5Enemy9setAwaHitEP5Actor = 0x0232A364;
    _ZN5Enemy12awaCatchMoveEP5Actor = 0x0232A418;
    _ZN5Enemy14setAwaCatchEndEP5Actor = 0x0232A4CC;
    _ZN5Enemy12calcMdl_BaseEv = 0x0232A858;
    _ZN5Enemy5vf1CCEv = 0x0232A85C;
    _ZN5Enemy13setAwaInvalidEP5Actor = 0x0232A864;
    _ZN5Enemy14calcMdl_NormalEv = 0x023291DC;
    _ZNK5Enemy6isDeadEv = 0x0232CAEC;
    _ZN5Enemy21setDeathInfo_SpinFumiEP5Actor = 0x0232CC98;
    _ZN5Enemy16hitCallback_StarEP19ActorCollisionCheckS1_ = 0x0232CE84;
    _ZN5Enemy16hitCallback_SlipEP19ActorCollisionCheckS1_ = 0x0232CF20;
    _ZN5Enemy16hitCallback_SpinEP19ActorCollisionCheckS1_ = 0x0232D014;
    _ZN5Enemy19hitCallback_WireNetEP19ActorCollisionCheckS1_ = 0x0232D0E4;
    _ZN5Enemy19hitCallback_HipAttkEP19ActorCollisionCheckS1_ = 0x0232D240;
    _ZN5Enemy22setDeathInfo_YoshiFumiEP5Actor = 0x0232D31C;
    _ZN5Enemy24hitCallback_YoshiHipAttkEP19ActorCollisionCheckS1_ = 0x0232D3B4;
    _ZN5Enemy24hitCallback_PenguinSlideEP19ActorCollisionCheckS1_ = 0x0232D48C;
    _ZN5Enemy18hitCallback_CannonEP19ActorCollisionCheckS1_ = 0x0232D49C;
    _ZN5Enemy23hitCallback_AttackUnk25EP19ActorCollisionCheckS1_ = 0x0232D56C;
    _ZN5Enemy17hitCallback_ShellEP19ActorCollisionCheckS1_ = 0x0232D57C;
    _ZN5Enemy16hitCallback_FireEP19ActorCollisionCheckS1_ = 0x0232D70C;
    _ZN5Enemy15hitCallback_IceEP19ActorCollisionCheckS1_ = 0x0232D7A4;
    _ZN5Enemy23hitCallback_YoshiBulletEP19ActorCollisionCheckS1_ = 0x0232D824;
    _ZN5Enemy21hitCallback_YoshiFireEP19ActorCollisionCheckS1_ = 0x0232D938;
    _ZN5Enemy25hitCallback_ChibiYoshiUnkEP19ActorCollisionCheckS1_ = 0x0232DA04;
    _ZN5Enemy27hitCallback_ChibiYoshiLightEP19ActorCollisionCheckS1_ = 0x0232DA0C;
    _ZN5Enemy26hitCallback_ChibiYoshiStarEP19ActorCollisionCheckS1_ = 0x0232DA14;
    _ZN5Enemy23hitCallback_AttackUnk27EPbP19ActorCollisionCheckS2_ = 0x0232DA24;
    _ZN5Enemy17setDeathInfo_FumiEP5ActorRKN4sead7Vector2IfEERK7StateID = 0x0232DA34;
    _ZN5Enemy18setDeathInfo_QuakeEi = 0x0232DAF0;
    _ZN5Enemy15setSmokeDamage_EP5Actor = 0x0232DC88;
    _ZN5Enemy21setDeathInfo_IceBreakEv = 0x0232DD48;
    _ZN5Enemy17setDeathInfo_StarEP19ActorCollisionCheckS1_ = 0x0232E048;
    _ZN5Enemy17applyWaterRollDecE5Angle = 0x0232E144;
    _ZN5Enemy18setTouchDrcDamage_ERKN4sead7Vector2IfEE = 0x0232E1A4;
    _ZN5Enemy13isQuakeDamageEv = 0x0232E2EC;
    _ZN5Enemy18setDeathSound_FireEv = 0x0232E2F8;
    _ZN5Enemy21setDeathSound_HipAttkEv = 0x0232E358;
    _ZN5Enemy23initializeState_DieFumiEv = 0x0232E518;
    _ZN5Enemy20executeState_DieFumiEv = 0x0232E5E8;
    _ZN5Enemy23initializeState_DieFallEv = 0x0232E63C;
    _ZN5Enemy20executeState_DieFallEv = 0x0232E640;
    _ZN5Enemy28initializeState_DieYoshiFumiEv = 0x0232E72C;
    _ZN5Enemy25executeState_DieYoshiFumiEv = 0x0232E79C;
    _ZN5Enemy24initializeState_DieSmokeEv = 0x0232E7A8;
    _ZN5Enemy21executeState_DieSmokeEv = 0x0232E7B8;
    _ZN5Enemy28initializeState_DieIceVanishEv = 0x0232E7C4;
    _ZN5Enemy25executeState_DieIceVanishEv = 0x0232E7C8;
    _ZN5Enemy24initializeState_DieOtherEv = 0x0232E7D4;
    _ZN5Enemy22initializeState_DieAwaEv = 0x0232E7E0;
    _ZN5Enemy21finalizeState_DieFumiEv = 0x0232EED0;
    _ZN5Enemy21finalizeState_DieFallEv = 0x0232EED4;
    _ZN5Enemy26finalizeState_DieYoshiFumiEv = 0x0232EED8;
    _ZN5Enemy22finalizeState_DieSmokeEv = 0x0232EEDC;
    _ZN5Enemy26finalizeState_DieIceVanishEv = 0x0232EEE0;
    _ZN5Enemy21executeState_DieOtherEv = 0x0232EEE4;
    _ZN5Enemy22finalizeState_DieOtherEv = 0x0232EEE8;
    _ZN5Enemy19executeState_DieAwaEv = 0x0232EEEC;
    _ZN5Enemy20finalizeState_DieAwaEv = 0x0232EEF0;
    _ZN5Enemy11changeStateERK7StateID = 0x02330404;
    _ZN5Enemy14createIceActorEv = 0x023304F8;
    _ZN5Enemy15returnState_IceEv = 0x02330568;
    _ZN5Enemy21initializeState_EatInEv = 0x023305E4;
    _ZN5Enemy18executeState_EatInEv = 0x023305EC;
    _ZN5Enemy26initializeState_ChibiEatInEv = 0x023306E8;
    _ZN5Enemy23executeState_ChibiEatInEv = 0x023306F0;
    _ZN5Enemy19initializeState_IceEv = 0x02330720;
    _ZN5Enemy16executeState_IceEv = 0x023307A0;
    _ZN5Enemy17finalizeState_IceEv = 0x02330944;
    _ZN5Enemy9setIceAnmEv = 0x023310BC;
    _ZN5Enemy13returnAnm_IceEv = 0x023310C0;
    _ZN5Enemy19finalizeState_EatInEv = 0x023310C4;
    _ZN5Enemy22initializeState_EatNowEv = 0x023310C8;
    _ZN5Enemy19executeState_EatNowEv = 0x023310CC;
    _ZN5Enemy20finalizeState_EatNowEv = 0x023310D0;
    _ZN5Enemy22initializeState_EatOutEv = 0x023310D4;
    _ZN5Enemy19executeState_EatOutEv = 0x023310D8;
    _ZN5Enemy20finalizeState_EatOutEv = 0x023310DC;
    _ZN5Enemy24finalizeState_ChibiEatInEv = 0x023310E0;
    _ZN5Enemy27initializeState_ChibiEatNowEv = 0x023310E4;
    _ZN5Enemy24executeState_ChibiEatNowEv = 0x023310E8;
    _ZN5Enemy25finalizeState_ChibiEatNowEv = 0x023310EC;
    _ZN5Enemy27initializeState_ChibiEatOutEv = 0x023310F0;
    _ZN5Enemy24executeState_ChibiEatOutEv = 0x023310F4;
    _ZN5Enemy25finalizeState_ChibiEatOutEv = 0x023310F8;
    _ZN5Enemy25initializeState_EnemyUnk1Ev = 0x023310FC;
    _ZN5Enemy22executeState_EnemyUnk1Ev = 0x02331100;
    _ZN5Enemy23finalizeState_EnemyUnk1Ev = 0x02331104;
    _ZN5Enemy15cDefaultGravityE = 0x10072070;
    _ZN5Enemy7cEnMukiE = 0x10072094;
    _ZTV5Enemy = 0x1007209C;
    _ZN5Enemy9sTypeInfoE = 0x101E9EF0;
    _ZN5Enemy11cBaseAngleYE = 0x10200DD8;
    _ZN5Enemy15StateID_DieFumiE = 0x10200FB0;
    _ZN5Enemy15StateID_DieFallE = 0x10200FD4;
    _ZN5Enemy20StateID_DieYoshiFumiE = 0x10200FF8;
    _ZN5Enemy16StateID_DieSmokeE = 0x1020101C;
    _ZN5Enemy16StateID_DieOtherE = 0x10201064;
    _ZN5Enemy13StateID_EatInE = 0x1020111C;
    _ZN5Enemy11StateID_IceE = 0x10201218;

// EnemyChibiYoshiEatData
    _ZN22EnemyChibiYoshiEatDataC1E13ActorUniqueID = 0x0232ADAC;

// EnemyEatData
    _ZN12EnemyEatDataC1E13ActorUniqueID = 0x0232F00C;

// FrameCtrl
    _ZN9FrameCtrl11setPlayModeENS_8PlayModeE = 0x024DEED4;

// GameAudio
    _ZN9GameAudio20convertAudioObjctPosEPN4sead7Vector2IfEERKS2_ = 0x02029368;
    _ZN9GameAudio12sAudioObjEmyE = 0x101C63CC;
    _ZN9GameAudio12sAudioObjMapE = 0x101C63D0;

// IceMgr
    _ZN6IceMgrD1Ev = 0x0237CD54;
    _ZN6IceMgr9createIceEP7IceInfoi = 0x0237D63C;

// JointBlendModel
    _ZN15JointBlendModelC1EP5Modeliiiii = 0x024DFBF0;
    _ZN15JointBlendModel4initEP13ModelResourcePKN4sead8PtrArrayIS0_EEPNS2_4HeapE = 0x024DFC78;
    _ZN15JointBlendModel16playAnmFrameCtrlEv = 0x024DFC7C;
    _ZN15JointBlendModel9calcBlendEv = 0x024DFC80;
    _ZN15JointBlendModel7calcMdlEv = 0x024DFD04;
    _ZN15JointBlendModel6setAnmERKN4sead14SafeStringBaseIcEEfN9FrameCtrl8PlayModeEff = 0x024DFFB4;

// LayerMgr
    _ZN8LayerMgr16calcParallelExecEv = 0x024E0FEC;
    _ZN8LayerMgr9sInstanceE = 0x101D2BE4;

// LoopRideLineBgCollision
    _ZN23LoopRideLineBgCollision9sTypeInfoE = 0x101E9FB4;

// MapActor
    _ZN8MapActor10cProfileIDE = 0x101ECD8C;

// ModelResourceMgr
    _ZNK16ModelResourceMgr11getResourceERKN4sead14SafeStringBaseIcEE = 0x024F60EC;
    _ZN16ModelResourceMgr9sInstanceE = 0x101D2D50;

// ModelUtil
    _ZN9ModelUtil9createG3dERK13ModelResourceRKN4sead14SafeStringBaseIcEEiiiiiN5Model12BoundingModeEPNS3_4HeapE = 0x024EE440;

// PoleRopeBgCollision
    _ZN19PoleRopeBgCollision9sTypeInfoE = 0x101EA384;

// Profile
    _ZN7Profile12sProfileListE = 0x101ED8DC;

// ProfileInfo
    _ZN11ProfileInfo15getDrawPriorityEi = 0x02019988;
    _ZN11ProfileInfo13cDrawPriorityE = 0x10001940;
    _ZN11ProfileInfo8cResTypeE = 0x10002064;
    _ZN11ProfileInfo7cResNumE = 0x100023F8;
    _ZN11ProfileInfo8cResListE = 0x101C321C;

// Renderer
    _ZN8Renderer9drawModelEPK9AnimModel = 0x024FAC98;
    _ZN8Renderer9sInstanceE = 0x101D2D88;

// ResMgr
    _ZNK6ResMgr27getFileFromCourseArchiveResERKN4sead14SafeStringBaseIcEEPj = 0x029D33EC;
    _ZN6ResMgr9sInstanceE = 0x101E7D94;

// SkeletalAnimation
    _ZN17SkeletalAnimation4playEPK13ModelResourceRKN4sead14SafeStringBaseIcEE = 0x024FDADC;

// SndObjctCmnEmy
    _ZN14SndObjctCmnEmy10startSoundEPKcRKN4sead7Vector2IfEEN2nw3snd10OutputLineE = 0x029BEB48;
    _ZN14SndObjctCmnEmy9holdSoundEPKciRKN4sead7Vector2IfEEN2nw3snd10OutputLineE = 0x029BEB50;

// SndObjctCmnMap
    _ZN14SndObjctCmnMap10startSoundEPKcRKN4sead7Vector2IfEEN2nw3snd10OutputLineE = 0x029BED48;
    _ZN14SndObjctCmnMap9holdSoundEPKciRKN4sead7Vector2IfEEN2nw3snd10OutputLineE = 0x029BED50;
    _ZN14SndObjctCmnMap9holdSoundEPKciRKN4sead7Vector2IfEEsN2nw3snd10OutputLineE = 0x029BEE18;

// StateMethod
    _ZN11StateMethod18executeStateMethodEv = 0x029C4A80;
    _ZNK11StateMethod10getStateIDEv = 0x029C4B88;

// SysController
    _ZN13SysController9sTypeInfoE = 0x101EAE78;

// UnitBgCollisionHolder
    _ZN21UnitBgCollisionHolder13setFromBgUnitERKN4sead7Vector2IfEEhRKNS0_7BitFlagIhEE = 0x021B1094;
    _ZN21UnitBgCollisionHolder9sInstanceE = 0x101C9650;
