@addresses_from "00050000-10101D00"

_ZN4sead7HeapMgr12sInstancePtrE = 0x101E8040;
_ZN4sead7HeapMgr15setCurrentHeap_EPNS_4HeapE = 0x2A0D584;
_ZdaPv = 0x29f17d0;
_ZdlPv = 0x029F1748;
_ZN6ResMgr9sInstanceE = 0x101E7D94;
_ZNK6ResMgr27getFileFromCourseArchiveResERKN4sead14SafeStringBaseIcEEPj = 0x29d33ec;
_Znam = 0x029F1630;
_Znwm = 0x29F1594;
_ZdlPvm = _ZdlPv;
_ZN4sead14SafeStringBaseIcE9cNullCharE = 0x10000044;
_ZN15ActorCreateInfo8cDefaultE = 0x100018F4;
_ZN7Profile12sProfileListE = 0x101ED8DC;
_ZN10CourseData14loadCourseDataEv = 0x269a244;
_ZN8MapActor10cProfileIDE = 0x101ecd8c;
_ZN11ProfileInfo13cDrawPriorityE = 0x10001940;
_ZN11ProfileInfo8cResTypeE = 0x10002064;
_ZN11ProfileInfo7cResNumE = 0x100023f8;
_ZN11ProfileInfo8cResListE = 0x101c321c;
_ZnwmPN4sead4HeapEi = 0x029f1858;
_ZN13ModelResourceC1Ev = 0x024F5548;
_ZN13ModelResource4loadERKN4sead14SafeStringBaseIcEEPNS0_4HeapE = 0x024F5C14;
_ZN16ModelResourceMgr19ModelResourceHolderC1ERKN4sead14SafeStringBaseIcEEP13ModelResource = 0x024F5F88;

_ZNK4sead7HeapMgr14getCurrentHeapEv = 0x2a0d554;
_ZN4sead9IDisposerC2Ev = 0x02a0a2fc;
_ZN4sead9IDisposerD1Ev = 0x02a0a384;
_ZnamPN4sead4HeapEi = 0x029f18dc;
_ZNK4sead7HeapMgr15findContainHeapEPKv = 0x02a0d45c;

_ZN9ActorBaseC2ERK16ActorCreateParam = 0x2002ce0;
_ZN4sead22BufferedSafeStringBaseIcE6formatEPKcz = 0x2a0f1e4;

_ZN9ActorBase9sTypeInfoE = 0x101E9CC8;
_ZN9ActorBaseD1Ev = 0x2002e680;
_ZN9ActorBase9preCreateEv = 0x2002f7c;
_ZN9ActorBase10postCreateENS_9MainStateE = 0x2002f00;
_ZN9ActorBase10preExecuteEv = 0x2002f04;
_ZN9ActorBase7executeEv = 0x2002f8c;
_ZN9ActorBase11postExecuteENS_9MainStateE = 0x2002f34;
_ZN9ActorBase11finalUpdateEv = 0x2002f94;
_ZN9ActorBase7preDrawEv = 0x2002f98;
_ZN9ActorBase4drawEv = 0x2002fa0;
_ZN9ActorBase8postDrawENS_9MainStateE = 0x2002f38;
_ZN9ActorBase9preDeleteEv = 0x2002fa8;
_ZN9ActorBase8doDeleteEv = 0x2002fb0;
_ZN9ActorBase10postDeleteENS_9MainStateE = 0x2002f3c;
_ZNK9ActorBase27checkDerivedRuntimeTypeInfoEPKN4sead15RuntimeTypeInfo9InterfaceE = 0x2002f40;
_ZN5ActorC2ERK16ActorCreateParam = 0x2000ac8;
_ZN5Actor9sTypeInfoE = 0x101e9cc0;
_ZN5ActorD1Ev = 0x02000f18;
_ZN4sead14MathCalcCommonIfE10cSinCosTblE = 0x10191538;
_ZN16ModelResourceMgr9sInstanceE = 0x101d2d50;
_ZNK16ModelResourceMgr11getResourceERKN4sead14SafeStringBaseIcEE = 0x024F60EC;
_ZN5Model9createG3dERK13ModelResourceRKN4sead14SafeStringBaseIcEEiiiiiNS_12BoundingModeEPNS3_4HeapE = 0x024ee440;
_ZN9AnimModelC1EP5Modeljjjjj = 0x24d4798;
_ZN9AnimModel4initEP13ModelResourcePKN4sead8PtrArrayIS0_EEPNS2_4HeapE = 0x24d49a0;
_ZN9AnimModel7calcMdlEv = 0x24d4e84;
_ZN8Renderer9sInstanceE = 0x101d2d88;
_ZN8Renderer9drawModelEPK9AnimModel = 0x024FAC98;
_ZN5Actor10postCreateEN9ActorBase9MainStateE = 0x2000fb8;
_ZN5Actor10preExecuteEv = 0x2000fe8;
_ZN5Actor11postExecuteEN9ActorBase9MainStateE = 0x20010bc;
_ZN5Actor7preDrawEv = 0x20011a0;
_ZN5Actor20removeCollisionCheckEv = 0x20002cc;
_ZN5Actor20reviveCollisionCheckEv = 0x2000328;
_ZN5Actor19allEnemyDeathEffSetEv = 0x2002ad8;
_ZN5Actor17waterSplashEffectERKN4sead7Vector3IfEE = 0x2002adc;
_ZN5Actor17yoganSplashEffectERKN4sead7Vector3IfEE = 0x2002ae0;
_ZN5Actor21yoganWaveSplashEffectERKN4sead7Vector3IfEE = 0x2000960;
_ZN5Actor18poisonSplashEffectERKN4sead7Vector3IfEE = 0x2002ae4;
_ZN5Actor14drawCullCheck_Ev = 0x2001254;
